-996 386 982 -486 -526 -780 -722 410 -248 
-127 -799 455 -101 709 