-996 -799 -780 -722 -526 -486 -248 -127 -101 386 410 455 709 982 